warning[E0453]: allow(non_snake_case) overruled by outer forbid(non_snake_case)
  --> $DIR/E0453.rs:4:9
   |
LL | #![forbid(non_snake_case)]
   |           -------------- `forbid` level set here
LL | 
LL | #[allow(non_snake_case)]
   |         ^^^^^^^^^^^^^^ overruled by previous forbid

warning: 1 warning emitted

For more information about this error, try `rustc --explain E0453`.
