warning[E0453]: allow(deprecated) overruled by outer forbid(deprecated)
  --> $DIR/lint-forbid-cmdline.rs:4:9
   |
LL | #[allow(deprecated)]
   |         ^^^^^^^^^^ overruled by previous forbid
   |
   = note: `forbid` lint level was set on command line

warning: 1 warning emitted

For more information about this error, try `rustc --explain E0453`.
