error: identifier pair considered confusable between `s1` and `sl`
  --> $DIR/lint-confusable-idents-ascii.rs:6:9
   |
LL |     let s1 = "rust";
   |         -- this is where the previous identifier occurred
LL |     let sl = "rust2";
   |         ^^
   |
note: the lint level is defined here
  --> $DIR/lint-confusable-idents-ascii.rs:1:9
   |
LL | #![deny(confusable_idents_ascii)]
   |         ^^^^^^^^^^^^^^^^^^^^^^^

error: aborting due to previous error

